<html>
<body>
<pre>
<h1>礦ision Build Log</h1>
<h2>Project:</h2>
C:\Documents and Settings\Administrator\桌面\STM32_OV7620\STM32_OV7620.uvproj
Project File Date:  10/19/2012

<h2>Output:</h2>
Build target 'STM32_OV7620'
assembling cortexm3_macro.s...
assembling stm32f10x_vector.s...
compiling stm32f10x_it.c...
interrupt\stm32f10x_it.c(249): warning:  #177-D: variable "i" was declared but never referenced
interrupt\stm32f10x_it.c:       u16 i,j=0;
interrupt\stm32f10x_it.c:           ^
interrupt\stm32f10x_it.c(249): warning:  #177-D: variable "j" was declared but never referenced
interrupt\stm32f10x_it.c:       u16 i,j=0;
interrupt\stm32f10x_it.c:             ^
interrupt\stm32f10x_it.c: interrupt\stm32f10x_it.c: 2 warnings, 0 errors
compiling configuration.c...
compiling stm32f10x_exti.c...
compiling stm32f10x_flash.c...
compiling stm32f10x_lib.c...
compiling stm32f10x_nvic.c...
compiling stm32f10x_rcc.c...
compiling stm32f10x_usart.c...
compiling stm32f10x_gpio.c...
compiling main.c...
linking...
Program Size: Code=6644 RO-data=356 RW-data=12 ZI-data=10148  
FromELF: creating hex file...
".\obj\STM32_OV7620.axf" - 0 Error(s), 2 Warning(s).
Load "C:\\Documents and Settings\\Administrator\\桌面\\STM32_OV7620\\obj\\STM32_OV7620.AXF" 
Set JLink Project File to "C:\Documents and Settings\Administrator\桌面\STM32_OV7620\JLinkSettings.ini"
 
JLink info:
------------
DLL: V4.15n, compiled Jun 18 2010 19:55:09
Firmware: J-Link ARM V8 compiled Jan 31 2011 18:34:52
Hardware: V8.00
S/N : 20100213 
Feature(s) : RDI,FlashDL,FlashBP,JFlash,GDBFULL 
 
* JLink Info: TotalIRLen = 9, IRPrint = 0x0011
* JLink Info: Found Cortex-M3 r1p1, Little endian.
* JLink Info: TPIU fitted.
* JLink Info: ETM fitted.
* JLink Info:   FPUnit: 6 code (BP) slots and 2 literal slots
ROMTableAddr = 0xE00FF003
 
Target info:
------------
Device: STM32F103ZE
VTarget = 3.235V
State of Pins: 
TCK: 1, TDI: 0, TDO: 1, TMS: 0, TRES: 1, TRST: 1
* JLink Info: TotalIRLen = 9, IRPrint = 0x0011
* JLink Info: Found Cortex-M3 r1p1, Little endian.
* JLink Info: TPIU fitted.
* JLink Info: ETM fitted.
* JLink Info:   FPUnit: 6 code (BP) slots and 2 literal slots
Hardware-Breakpoints: 6
Software-Breakpoints: 2048
Watchpoints:          4
JTAG speed: 3000 kHz
 
Erase Done.
Programming Done.
Verify OK.
* JLink Info: TotalIRLen = 9, IRPrint = 0x0011
* JLink Info: Found Cortex-M3 r1p1, Little endian.
* JLink Info: TPIU fitted.
* JLink Info: ETM fitted.
* JLink Info:   FPUnit: 6 code (BP) slots and 2 literal slots
Application running ...
compiling d:\keil for c51\arm\sfd\st\stm32f10x\stm32f10x_lib.sfd...
Build target 'STM32_OV7620'
assembling cortexm3_macro.s...
assembling stm32f10x_vector.s...
compiling stm32f10x_it.c...
interrupt\stm32f10x_it.c(259): warning:  #223-D: function "EXTI_Disable" declared implicitly
interrupt\stm32f10x_it.c:               EXTI_Disable();
interrupt\stm32f10x_it.c:               ^
interrupt\stm32f10x_it.c(280): warning:  #223-D: function "EXTI_Configuration" declared implicitly
interrupt\stm32f10x_it.c:               EXTI_Configuration();
interrupt\stm32f10x_it.c:               ^
interrupt\stm32f10x_it.c: interrupt\stm32f10x_it.c: 2 warnings, 0 errors
compiling configuration.c...
compiling stm32f10x_exti.c...
compiling stm32f10x_flash.c...
compiling stm32f10x_lib.c...
compiling stm32f10x_nvic.c...
compiling stm32f10x_rcc.c...
compiling stm32f10x_usart.c...
compiling stm32f10x_gpio.c...
compiling main.c...
linking...
Program Size: Code=6820 RO-data=356 RW-data=12 ZI-data=10148  
FromELF: creating hex file...
".\obj\STM32_OV7620.axf" - 0 Error(s), 2 Warning(s).
Load "C:\\Documents and Settings\\Administrator\\桌面\\STM32_OV7620\\obj\\STM32_OV7620.AXF" 
Set JLink Project File to "C:\Documents and Settings\Administrator\桌面\STM32_OV7620\JLinkSettings.ini"
 
JLink info:
------------
DLL: V4.15n, compiled Jun 18 2010 19:55:09
Firmware: J-Link ARM V8 compiled Jan 31 2011 18:34:52
Hardware: V8.00
S/N : 20100213 
Feature(s) : RDI,FlashDL,FlashBP,JFlash,GDBFULL 
 
* JLink Info: TotalIRLen = 9, IRPrint = 0x0011
* JLink Info: Found Cortex-M3 r1p1, Little endian.
* JLink Info: TPIU fitted.
* JLink Info: ETM fitted.
* JLink Info:   FPUnit: 6 code (BP) slots and 2 literal slots
ROMTableAddr = 0xE00FF003
 
Target info:
------------
Device: STM32F103ZE
VTarget = 3.228V
State of Pins: 
TCK: 1, TDI: 0, TDO: 1, TMS: 0, TRES: 1, TRST: 1
* JLink Info: TotalIRLen = 9, IRPrint = 0x0011
* JLink Info: Found Cortex-M3 r1p1, Little endian.
* JLink Info: TPIU fitted.
* JLink Info: ETM fitted.
* JLink Info:   FPUnit: 6 code (BP) slots and 2 literal slots
Hardware-Breakpoints: 6
Software-Breakpoints: 2048
Watchpoints:          4
JTAG speed: 3000 kHz
 
Erase Done.
Programming Done.
Verify OK.
* JLink Info: TotalIRLen = 9, IRPrint = 0x0011
* JLink Info: Found Cortex-M3 r1p1, Little endian.
* JLink Info: TPIU fitted.
* JLink Info: ETM fitted.
* JLink Info:   FPUnit: 6 code (BP) slots and 2 literal slots
Application running ...
Build target 'STM32_OV7620'
assembling cortexm3_macro.s...
assembling stm32f10x_vector.s...
compiling stm32f10x_it.c...
interrupt\stm32f10x_it.c(259): warning:  #223-D: function "EXTI_Disable" declared implicitly
interrupt\stm32f10x_it.c:               EXTI_Disable();
interrupt\stm32f10x_it.c:               ^
interrupt\stm32f10x_it.c(280): warning:  #223-D: function "EXTI_Configuration" declared implicitly
interrupt\stm32f10x_it.c:               EXTI_Configuration();
interrupt\stm32f10x_it.c:               ^
interrupt\stm32f10x_it.c: interrupt\stm32f10x_it.c: 2 warnings, 0 errors
compiling configuration.c...
compiling stm32f10x_exti.c...
compiling stm32f10x_flash.c...
compiling stm32f10x_lib.c...
compiling stm32f10x_nvic.c...
compiling stm32f10x_rcc.c...
compiling stm32f10x_usart.c...
compiling stm32f10x_gpio.c...
compiling main.c...
linking...
Program Size: Code=6848 RO-data=356 RW-data=12 ZI-data=10148  
FromELF: creating hex file...
".\obj\STM32_OV7620.axf" - 0 Error(s), 2 Warning(s).
Load "C:\\Documents and Settings\\Administrator\\桌面\\STM32_OV7620\\obj\\STM32_OV7620.AXF" 
Set JLink Project File to "C:\Documents and Settings\Administrator\桌面\STM32_OV7620\JLinkSettings.ini"
 
JLink info:
------------
DLL: V4.15n, compiled Jun 18 2010 19:55:09
Firmware: J-Link ARM V8 compiled Jan 31 2011 18:34:52
Hardware: V8.00
S/N : 20100213 
Feature(s) : RDI,FlashDL,FlashBP,JFlash,GDBFULL 
 
* JLink Info: TotalIRLen = 9, IRPrint = 0x0011
* JLink Info: Found Cortex-M3 r1p1, Little endian.
* JLink Info: TPIU fitted.
* JLink Info: ETM fitted.
* JLink Info:   FPUnit: 6 code (BP) slots and 2 literal slots
ROMTableAddr = 0xE00FF003
 
Target info:
------------
Device: STM32F103ZE
VTarget = 3.235V
State of Pins: 
TCK: 1, TDI: 0, TDO: 1, TMS: 0, TRES: 1, TRST: 1
* JLink Info: TotalIRLen = 9, IRPrint = 0x0011
* JLink Info: Found Cortex-M3 r1p1, Little endian.
* JLink Info: TPIU fitted.
* JLink Info: ETM fitted.
* JLink Info:   FPUnit: 6 code (BP) slots and 2 literal slots
Hardware-Breakpoints: 6
Software-Breakpoints: 2048
Watchpoints:          4
JTAG speed: 3000 kHz
 
Erase Done.
Programming Done.
Verify OK.
* JLink Info: TotalIRLen = 9, IRPrint = 0x0011
* JLink Info: Found Cortex-M3 r1p1, Little endian.
* JLink Info: TPIU fitted.
* JLink Info: ETM fitted.
* JLink Info:   FPUnit: 6 code (BP) slots and 2 literal slots
Application running ...
Build target 'STM32_OV7620'
assembling cortexm3_macro.s...
assembling stm32f10x_vector.s...
compiling stm32f10x_it.c...
interrupt\stm32f10x_it.c(259): warning:  #223-D: function "EXTI_Disable" declared implicitly
interrupt\stm32f10x_it.c:               EXTI_Disable();
interrupt\stm32f10x_it.c:               ^
interrupt\stm32f10x_it.c(280): warning:  #223-D: function "EXTI_Configuration" declared implicitly
interrupt\stm32f10x_it.c:               EXTI_Configuration();
interrupt\stm32f10x_it.c:               ^
interrupt\stm32f10x_it.c: interrupt\stm32f10x_it.c: 2 warnings, 0 errors
compiling configuration.c...
compiling stm32f10x_exti.c...
compiling stm32f10x_flash.c...
compiling stm32f10x_lib.c...
compiling stm32f10x_nvic.c...
compiling stm32f10x_rcc.c...
compiling stm32f10x_usart.c...
compiling stm32f10x_gpio.c...
compiling main.c...
linking...
Program Size: Code=6848 RO-data=356 RW-data=12 ZI-data=10148  
FromELF: creating hex file...
".\obj\STM32_OV7620.axf" - 0 Error(s), 2 Warning(s).
Load "C:\\Documents and Settings\\Administrator\\桌面\\STM32_OV7620\\obj\\STM32_OV7620.AXF" 
Set JLink Project File to "C:\Documents and Settings\Administrator\桌面\STM32_OV7620\JLinkSettings.ini"
 
JLink info:
------------
DLL: V4.15n, compiled Jun 18 2010 19:55:09
Firmware: J-Link ARM V8 compiled Jan 31 2011 18:34:52
Hardware: V8.00
S/N : 20100213 
Feature(s) : RDI,FlashDL,FlashBP,JFlash,GDBFULL 
 
* JLink Info: TotalIRLen = 9, IRPrint = 0x0011
* JLink Info: Found Cortex-M3 r1p1, Little endian.
* JLink Info: TPIU fitted.
* JLink Info: ETM fitted.
* JLink Info:   FPUnit: 6 code (BP) slots and 2 literal slots
ROMTableAddr = 0xE00FF003
 
Target info:
------------
Device: STM32F103ZE
VTarget = 3.235V
State of Pins: 
TCK: 1, TDI: 0, TDO: 1, TMS: 0, TRES: 1, TRST: 1
* JLink Info: TotalIRLen = 9, IRPrint = 0x0011
* JLink Info: Found Cortex-M3 r1p1, Little endian.
* JLink Info: TPIU fitted.
* JLink Info: ETM fitted.
* JLink Info:   FPUnit: 6 code (BP) slots and 2 literal slots
Hardware-Breakpoints: 6
Software-Breakpoints: 2048
Watchpoints:          4
JTAG speed: 3000 kHz
 
Erase Done.
Programming Done.
Verify OK.
* JLink Info: TotalIRLen = 9, IRPrint = 0x0011
* JLink Info: Found Cortex-M3 r1p1, Little endian.
* JLink Info: TPIU fitted.
* JLink Info: ETM fitted.
* JLink Info:   FPUnit: 6 code (BP) slots and 2 literal slots
Application running ...
Build target 'STM32_OV7620'
assembling cortexm3_macro.s...
assembling stm32f10x_vector.s...
compiling stm32f10x_it.c...
interrupt\stm32f10x_it.c(259): warning:  #223-D: function "EXTI_Disable" declared implicitly
interrupt\stm32f10x_it.c:               EXTI_Disable();
interrupt\stm32f10x_it.c:               ^
interrupt\stm32f10x_it.c(280): warning:  #223-D: function "EXTI_Configuration" declared implicitly
interrupt\stm32f10x_it.c:               EXTI_Configuration();
interrupt\stm32f10x_it.c:               ^
interrupt\stm32f10x_it.c: interrupt\stm32f10x_it.c: 2 warnings, 0 errors
compiling configuration.c...
compiling stm32f10x_exti.c...
compiling stm32f10x_flash.c...
compiling stm32f10x_lib.c...
compiling stm32f10x_nvic.c...
compiling stm32f10x_rcc.c...
compiling stm32f10x_usart.c...
compiling stm32f10x_gpio.c...
compiling main.c...
linking...
Program Size: Code=6848 RO-data=356 RW-data=12 ZI-data=10148  
FromELF: creating hex file...
".\obj\STM32_OV7620.axf" - 0 Error(s), 2 Warning(s).
Load "C:\\Documents and Settings\\Administrator\\桌面\\STM32_OV7620\\obj\\STM32_OV7620.AXF" 
Set JLink Project File to "C:\Documents and Settings\Administrator\桌面\STM32_OV7620\JLinkSettings.ini"
 
JLink info:
------------
DLL: V4.15n, compiled Jun 18 2010 19:55:09
Firmware: J-Link ARM V8 compiled Jan 31 2011 18:34:52
Hardware: V8.00
S/N : 20100213 
Feature(s) : RDI,FlashDL,FlashBP,JFlash,GDBFULL 
 
* JLink Info: TotalIRLen = 9, IRPrint = 0x0011
* JLink Info: Found Cortex-M3 r1p1, Little endian.
* JLink Info: TPIU fitted.
* JLink Info: ETM fitted.
* JLink Info:   FPUnit: 6 code (BP) slots and 2 literal slots
ROMTableAddr = 0xE00FF003
 
Target info:
------------
Device: STM32F103ZE
VTarget = 3.235V
State of Pins: 
TCK: 1, TDI: 0, TDO: 1, TMS: 0, TRES: 1, TRST: 1
* JLink Info: TotalIRLen = 9, IRPrint = 0x0011
* JLink Info: Found Cortex-M3 r1p1, Little endian.
* JLink Info: TPIU fitted.
* JLink Info: ETM fitted.
* JLink Info:   FPUnit: 6 code (BP) slots and 2 literal slots
Hardware-Breakpoints: 6
Software-Breakpoints: 2048
Watchpoints:          4
JTAG speed: 3000 kHz
 
Erase Done.
Programming Done.
Verify OK.
* JLink Info: TotalIRLen = 9, IRPrint = 0x0011
* JLink Info: Found Cortex-M3 r1p1, Little endian.
* JLink Info: TPIU fitted.
* JLink Info: ETM fitted.
* JLink Info:   FPUnit: 6 code (BP) slots and 2 literal slots
Application running ...
Build target 'STM32_OV7620'
assembling cortexm3_macro.s...
assembling stm32f10x_vector.s...
compiling stm32f10x_it.c...
interrupt\stm32f10x_it.c(259): warning:  #223-D: function "EXTI_Disable" declared implicitly
interrupt\stm32f10x_it.c:               EXTI_Disable();
interrupt\stm32f10x_it.c:               ^
interrupt\stm32f10x_it.c(280): warning:  #223-D: function "EXTI_Configuration" declared implicitly
interrupt\stm32f10x_it.c:               EXTI_Configuration();
interrupt\stm32f10x_it.c:               ^
interrupt\stm32f10x_it.c: interrupt\stm32f10x_it.c: 2 warnings, 0 errors
compiling configuration.c...
compiling stm32f10x_exti.c...
compiling stm32f10x_flash.c...
compiling stm32f10x_lib.c...
compiling stm32f10x_nvic.c...
compiling stm32f10x_rcc.c...
compiling stm32f10x_usart.c...
compiling stm32f10x_gpio.c...
compiling main.c...
linking...
Program Size: Code=6848 RO-data=356 RW-data=12 ZI-data=8148  
FromELF: creating hex file...
".\obj\STM32_OV7620.axf" - 0 Error(s), 2 Warning(s).
Load "C:\\Documents and Settings\\Administrator\\桌面\\STM32_OV7620\\obj\\STM32_OV7620.AXF" 
Set JLink Project File to "C:\Documents and Settings\Administrator\桌面\STM32_OV7620\JLinkSettings.ini"
 
JLink info:
------------
DLL: V4.15n, compiled Jun 18 2010 19:55:09
Firmware: J-Link ARM V8 compiled Jan 31 2011 18:34:52
Hardware: V8.00
S/N : 20100213 
Feature(s) : RDI,FlashDL,FlashBP,JFlash,GDBFULL 
 
* JLink Info: TotalIRLen = 9, IRPrint = 0x0011
* JLink Info: Found Cortex-M3 r1p1, Little endian.
* JLink Info: TPIU fitted.
* JLink Info: ETM fitted.
* JLink Info:   FPUnit: 6 code (BP) slots and 2 literal slots
ROMTableAddr = 0xE00FF003
 
Target info:
------------
Device: STM32F103ZE
VTarget = 3.228V
State of Pins: 
TCK: 1, TDI: 0, TDO: 1, TMS: 0, TRES: 1, TRST: 1
* JLink Info: TotalIRLen = 9, IRPrint = 0x0011
* JLink Info: Found Cortex-M3 r1p1, Little endian.
* JLink Info: TPIU fitted.
* JLink Info: ETM fitted.
* JLink Info:   FPUnit: 6 code (BP) slots and 2 literal slots
Hardware-Breakpoints: 6
Software-Breakpoints: 2048
Watchpoints:          4
JTAG speed: 3000 kHz
 
Erase Done.
Programming Done.
Verify OK.
* JLink Info: TotalIRLen = 9, IRPrint = 0x0011
* JLink Info: Found Cortex-M3 r1p1, Little endian.
* JLink Info: TPIU fitted.
* JLink Info: ETM fitted.
* JLink Info:   FPUnit: 6 code (BP) slots and 2 literal slots
Application running ...
Build target 'STM32_OV7620'
assembling cortexm3_macro.s...
assembling stm32f10x_vector.s...
compiling stm32f10x_it.c...
interrupt\stm32f10x_it.c(259): warning:  #223-D: function "EXTI_Disable" declared implicitly
interrupt\stm32f10x_it.c:               EXTI_Disable();
interrupt\stm32f10x_it.c:               ^
interrupt\stm32f10x_it.c(280): warning:  #223-D: function "EXTI_Configuration" declared implicitly
interrupt\stm32f10x_it.c:               EXTI_Configuration();
interrupt\stm32f10x_it.c:               ^
interrupt\stm32f10x_it.c: interrupt\stm32f10x_it.c: 2 warnings, 0 errors
compiling configuration.c...
compiling stm32f10x_exti.c...
compiling stm32f10x_flash.c...
compiling stm32f10x_lib.c...
compiling stm32f10x_nvic.c...
compiling stm32f10x_rcc.c...
compiling stm32f10x_usart.c...
compiling stm32f10x_gpio.c...
compiling main.c...
linking...
Program Size: Code=6848 RO-data=356 RW-data=12 ZI-data=8148  
FromELF: creating hex file...
".\obj\STM32_OV7620.axf" - 0 Error(s), 2 Warning(s).
Load "C:\\Documents and Settings\\Administrator\\桌面\\STM32_OV7620\\obj\\STM32_OV7620.AXF" 
Set JLink Project File to "C:\Documents and Settings\Administrator\桌面\STM32_OV7620\JLinkSettings.ini"
 
JLink info:
------------
DLL: V4.15n, compiled Jun 18 2010 19:55:09
Firmware: J-Link ARM V8 compiled Jan 31 2011 18:34:52
Hardware: V8.00
S/N : 20100213 
Feature(s) : RDI,FlashDL,FlashBP,JFlash,GDBFULL 
 
* JLink Info: TotalIRLen = 9, IRPrint = 0x0011
* JLink Info: Found Cortex-M3 r1p1, Little endian.
* JLink Info: TPIU fitted.
* JLink Info: ETM fitted.
* JLink Info:   FPUnit: 6 code (BP) slots and 2 literal slots
ROMTableAddr = 0xE00FF003
 
Target info:
------------
Device: STM32F103ZE
VTarget = 3.235V
State of Pins: 
TCK: 1, TDI: 0, TDO: 1, TMS: 0, TRES: 1, TRST: 1
* JLink Info: TotalIRLen = 9, IRPrint = 0x0011
* JLink Info: Found Cortex-M3 r1p1, Little endian.
* JLink Info: TPIU fitted.
* JLink Info: ETM fitted.
* JLink Info:   FPUnit: 6 code (BP) slots and 2 literal slots
Hardware-Breakpoints: 6
Software-Breakpoints: 2048
Watchpoints:          4
JTAG speed: 3000 kHz
 
Erase Done.
Programming Done.
Verify OK.
* JLink Info: TotalIRLen = 9, IRPrint = 0x0011
* JLink Info: Found Cortex-M3 r1p1, Little endian.
* JLink Info: TPIU fitted.
* JLink Info: ETM fitted.
* JLink Info:   FPUnit: 6 code (BP) slots and 2 literal slots
Application running ...
Build target 'STM32_OV7620'
assembling cortexm3_macro.s...
assembling stm32f10x_vector.s...
compiling stm32f10x_it.c...
interrupt\stm32f10x_it.c(254): warning:  #177-D: variable "i" was declared but never referenced
interrupt\stm32f10x_it.c:       u16 i,j=0;
interrupt\stm32f10x_it.c:           ^
interrupt\stm32f10x_it.c(254): warning:  #177-D: variable "j" was declared but never referenced
interrupt\stm32f10x_it.c:       u16 i,j=0;
interrupt\stm32f10x_it.c:             ^
interrupt\stm32f10x_it.c: interrupt\stm32f10x_it.c: 2 warnings, 0 errors
compiling configuration.c...
compiling stm32f10x_exti.c...
compiling stm32f10x_flash.c...
compiling stm32f10x_lib.c...
compiling stm32f10x_nvic.c...
compiling stm32f10x_rcc.c...
compiling stm32f10x_usart.c...
compiling stm32f10x_gpio.c...
compiling main.c...
linking...
Program Size: Code=6680 RO-data=356 RW-data=12 ZI-data=14148  
FromELF: creating hex file...
".\obj\STM32_OV7620.axf" - 0 Error(s), 2 Warning(s).
Load "C:\\Documents and Settings\\Administrator\\桌面\\STM32_OV7620\\obj\\STM32_OV7620.AXF" 
Set JLink Project File to "C:\Documents and Settings\Administrator\桌面\STM32_OV7620\JLinkSettings.ini"
 
JLink info:
------------
DLL: V4.15n, compiled Jun 18 2010 19:55:09
Firmware: J-Link ARM V8 compiled Jan 31 2011 18:34:52
Hardware: V8.00
S/N : 20100213 
Feature(s) : RDI,FlashDL,FlashBP,JFlash,GDBFULL 
 
* JLink Info: TotalIRLen = 9, IRPrint = 0x0011
* JLink Info: Found Cortex-M3 r1p1, Little endian.
* JLink Info: TPIU fitted.
* JLink Info: ETM fitted.
* JLink Info:   FPUnit: 6 code (BP) slots and 2 literal slots
ROMTableAddr = 0xE00FF003
 
Target info:
------------
Device: STM32F103ZE
VTarget = 3.228V
State of Pins: 
TCK: 1, TDI: 0, TDO: 1, TMS: 0, TRES: 1, TRST: 1
* JLink Info: TotalIRLen = 9, IRPrint = 0x0011
* JLink Info: Found Cortex-M3 r1p1, Little endian.
* JLink Info: TPIU fitted.
* JLink Info: ETM fitted.
* JLink Info:   FPUnit: 6 code (BP) slots and 2 literal slots
Hardware-Breakpoints: 6
Software-Breakpoints: 2048
Watchpoints:          4
JTAG speed: 3000 kHz
 
Erase Done.
Programming Done.
Verify OK.
* JLink Info: TotalIRLen = 9, IRPrint = 0x0011
* JLink Info: Found Cortex-M3 r1p1, Little endian.
* JLink Info: TPIU fitted.
* JLink Info: ETM fitted.
* JLink Info:   FPUnit: 6 code (BP) slots and 2 literal slots
Application running ...
Build target 'STM32_OV7620'
assembling cortexm3_macro.s...
assembling stm32f10x_vector.s...
compiling stm32f10x_it.c...
interrupt\stm32f10x_it.c(259): warning:  #223-D: function "EXTI_Disable" declared implicitly
interrupt\stm32f10x_it.c:               EXTI_Disable();
interrupt\stm32f10x_it.c:               ^
interrupt\stm32f10x_it.c(280): warning:  #223-D: function "EXTI_Configuration" declared implicitly
interrupt\stm32f10x_it.c:               EXTI_Configuration();
interrupt\stm32f10x_it.c:               ^
interrupt\stm32f10x_it.c: interrupt\stm32f10x_it.c: 2 warnings, 0 errors
compiling configuration.c...
compiling stm32f10x_exti.c...
compiling stm32f10x_flash.c...
compiling stm32f10x_lib.c...
compiling stm32f10x_nvic.c...
compiling stm32f10x_rcc.c...
compiling stm32f10x_usart.c...
compiling stm32f10x_gpio.c...
compiling main.c...
linking...
Program Size: Code=6848 RO-data=356 RW-data=12 ZI-data=14148  
FromELF: creating hex file...
".\obj\STM32_OV7620.axf" - 0 Error(s), 2 Warning(s).
Load "C:\\Documents and Settings\\Administrator\\桌面\\STM32_OV7620\\obj\\STM32_OV7620.AXF" 
Set JLink Project File to "C:\Documents and Settings\Administrator\桌面\STM32_OV7620\JLinkSettings.ini"
 
JLink info:
------------
DLL: V4.15n, compiled Jun 18 2010 19:55:09
Firmware: J-Link ARM V8 compiled Jan 31 2011 18:34:52
Hardware: V8.00
S/N : 20100213 
Feature(s) : RDI,FlashDL,FlashBP,JFlash,GDBFULL 
 
* JLink Info: TotalIRLen = 9, IRPrint = 0x0011
* JLink Info: Found Cortex-M3 r1p1, Little endian.
* JLink Info: TPIU fitted.
* JLink Info: ETM fitted.
* JLink Info:   FPUnit: 6 code (BP) slots and 2 literal slots
ROMTableAddr = 0xE00FF003
 
Target info:
------------
Device: STM32F103ZE
VTarget = 3.235V
State of Pins: 
TCK: 1, TDI: 0, TDO: 1, TMS: 0, TRES: 1, TRST: 1
* JLink Info: TotalIRLen = 9, IRPrint = 0x0011
* JLink Info: Found Cortex-M3 r1p1, Little endian.
* JLink Info: TPIU fitted.
* JLink Info: ETM fitted.
* JLink Info:   FPUnit: 6 code (BP) slots and 2 literal slots
Hardware-Breakpoints: 6
Software-Breakpoints: 2048
Watchpoints:          4
JTAG speed: 3000 kHz
 
Erase Done.
Programming Done.
Verify OK.
* JLink Info: TotalIRLen = 9, IRPrint = 0x0011
* JLink Info: Found Cortex-M3 r1p1, Little endian.
* JLink Info: TPIU fitted.
* JLink Info: ETM fitted.
* JLink Info:   FPUnit: 6 code (BP) slots and 2 literal slots
Application running ...
